[Tue Oct  6 20:42:19 2026 UTC] new advisory (001) for al092026 detected
[Tue Oct  6 21:00:54 2026 UTC] new best track for al092026 detected
[Tue Oct  6 21:00:54 2026 UTC] new RSS (index.xml) detected
[Wed Oct  7 02:58:52 2026 UTC] new advisory (002) for al092026 detected
[Wed Oct  7 02:58:52 2026 UTC] new best track for al092026 detected
[Wed Oct  7 02:58:52 2026 UTC] new RSS (index.xml) detected
[Wed Oct  7 08:54:55 2026 UTC] new advisory (003) for al092026 detected
[Wed Oct  7 08:54:56 2026 UTC] new best track for al092026 detected
[Wed Oct  7 08:54:56 2026 UTC] new RSS (index.xml) detected
[Wed Oct  7 14:55:24 2026 UTC] new advisory (004) for al092026 detected
[Wed Oct  7 14:55:24 2026 UTC] new best track for al092026 detected
[Wed Oct  7 14:55:24 2026 UTC] new RSS (index.xml) detected
[Wed Oct  7 17:55:26 2026 UTC] new advisory (004a) for al092026 detected
[Wed Oct  7 17:55:27 2026 UTC] new best track for al092026 detected
[Wed Oct  7 17:55:27 2026 UTC] new RSS (index.xml) detected
[Wed Oct  7 20:51:14 2026 UTC] new advisory (005) for al092026 detected
[Wed Oct  7 20:51:14 2026 UTC] new best track for al092026 detected
[Wed Oct  7 20:51:14 2026 UTC] new RSS (index.xml) detected
[Wed Oct  7 23:57:09 2026 UTC] new advisory (005a) for al092026 detected
[Wed Oct  7 23:57:09 2026 UTC] new best track for al092026 detected
[Wed Oct  7 23:57:09 2026 UTC] new RSS (index.xml) detected
[Thu Oct  8 02:53:55 2026 UTC] new advisory (006) for al092026 detected
[Thu Oct  8 02:53:55 2026 UTC] new best track for al092026 detected
[Thu Oct  8 02:53:55 2026 UTC] new RSS (index.xml) detected
[Thu Oct  8 05:44:30 2026 UTC] new advisory (006a) for al092026 detected
[Thu Oct  8 05:44:30 2026 UTC] new best track for al092026 detected
[Thu Oct  8 05:44:30 2026 UTC] new RSS (index.xml) detected
[Thu Oct  8 08:56:38 2026 UTC] new advisory (007) for al092026 detected
[Thu Oct  8 08:56:38 2026 UTC] new best track for al092026 detected
[Thu Oct  8 08:56:38 2026 UTC] new RSS (index.xml) detected
[Thu Oct  8 11:56:42 2026 UTC] new advisory (007a) for al092026 detected
[Thu Oct  8 11:56:42 2026 UTC] new best track for al092026 detected
[Thu Oct  8 11:56:42 2026 UTC] new RSS (index.xml) detected
[Thu Oct  8 14:58:54 2026 UTC] new advisory (008) for al092026 detected
[Thu Oct  8 14:58:55 2026 UTC] new best track for al092026 detected
[Thu Oct  8 14:58:55 2026 UTC] new RSS (index.xml) detected
[Thu Oct  8 17:56:43 2026 UTC] new advisory (008a) for al092026 detected
[Thu Oct  8 17:56:43 2026 UTC] new best track for al092026 detected
[Thu Oct  8 17:56:43 2026 UTC] new RSS (index.xml) detected
[Thu Oct  8 20:58:37 2026 UTC] new advisory (009) for al092026 detected
[Thu Oct  8 20:58:37 2026 UTC] new best track for al092026 detected
[Thu Oct  8 20:58:37 2026 UTC] new RSS (index.xml) detected
[Thu Oct  8 23:53:25 2026 UTC] new advisory (009a) for al092026 detected
[Thu Oct  8 23:53:25 2026 UTC] new best track for al092026 detected
[Thu Oct  8 23:53:25 2026 UTC] new RSS (index.xml) detected
[Fri Oct  9 02:51:45 2026 UTC] new advisory (010) for al092026 detected
[Fri Oct  9 02:51:45 2026 UTC] new best track for al092026 detected
[Fri Oct  9 02:51:45 2026 UTC] new RSS (index.xml) detected
[Fri Oct  9 05:56:47 2026 UTC] new advisory (010a) for al092026 detected
[Fri Oct  9 05:56:47 2026 UTC] new best track for al092026 detected
[Fri Oct  9 05:56:47 2026 UTC] new RSS (index.xml) detected
