[Thu Aug 27 21:06:28 2026 UTC] new advisory (001) for ep122026 detected
[Thu Aug 27 21:06:28 2026 UTC] new best track for ep122026 detected
[Thu Aug 27 21:06:28 2026 UTC] new RSS (index.xml) detected
[Fri Aug 28 03:06:58 2026 UTC] new advisory (002) for ep122026 detected
[Fri Aug 28 03:06:58 2026 UTC] new best track for ep122026 detected
[Fri Aug 28 03:06:58 2026 UTC] new RSS (index.xml) detected
[Fri Aug 28 09:06:40 2026 UTC] new advisory (003) for ep122026 detected
[Fri Aug 28 09:06:40 2026 UTC] new best track for ep122026 detected
[Fri Aug 28 09:06:40 2026 UTC] new RSS (index.xml) detected
[Fri Aug 28 15:06:17 2026 UTC] new advisory (004) for ep122026 detected
[Fri Aug 28 15:06:17 2026 UTC] new best track for ep122026 detected
[Fri Aug 28 15:06:17 2026 UTC] new RSS (index.xml) detected
[Fri Aug 28 20:36:39 2026 UTC] new advisory (005) for ep122026 detected
[Fri Aug 28 20:36:39 2026 UTC] new best track for ep122026 detected
[Fri Aug 28 20:36:39 2026 UTC] new RSS (index.xml) detected
[Sat Aug 29 02:43:06 2026 UTC] new advisory (006) for ep122026 detected
[Sat Aug 29 02:43:07 2026 UTC] new best track for ep122026 detected
[Sat Aug 29 02:43:07 2026 UTC] new RSS (index.xml) detected
[Sat Aug 29 08:54:01 2026 UTC] new advisory (007) for ep122026 detected
[Sat Aug 29 08:54:01 2026 UTC] new best track for ep122026 detected
[Sat Aug 29 08:54:01 2026 UTC] new RSS (index.xml) detected
[Sat Aug 29 14:39:26 2026 UTC] new advisory (008) for ep122026 detected
[Sat Aug 29 14:39:26 2026 UTC] new best track for ep122026 detected
[Sat Aug 29 14:39:26 2026 UTC] new RSS (index.xml) detected
[Sat Aug 29 20:35:50 2026 UTC] new advisory (009) for ep122026 detected
[Sat Aug 29 20:35:50 2026 UTC] new best track for ep122026 detected
[Sat Aug 29 20:35:51 2026 UTC] new RSS (index.xml) detected
[Sun Aug 30 02:32:49 2026 UTC] new advisory (010) for ep122026 detected
[Sun Aug 30 02:32:49 2026 UTC] new best track for ep122026 detected
[Sun Aug 30 02:32:49 2026 UTC] new RSS (index.xml) detected
[Sun Aug 30 08:36:38 2026 UTC] new advisory (011) for ep122026 detected
[Sun Aug 30 08:36:38 2026 UTC] new best track for ep122026 detected
[Sun Aug 30 08:36:38 2026 UTC] new RSS (index.xml) detected
[Sun Aug 30 15:05:59 2026 UTC] new advisory (012) for ep122026 detected
[Sun Aug 30 15:05:59 2026 UTC] new best track for ep122026 detected
[Sun Aug 30 15:05:59 2026 UTC] new RSS (index.xml) detected
[Sun Aug 30 20:40:52 2026 UTC] new advisory (013) for ep122026 detected
[Sun Aug 30 20:40:52 2026 UTC] new best track for ep122026 detected
[Sun Aug 30 20:40:52 2026 UTC] new RSS (index.xml) detected
[Mon Aug 31 02:37:05 2026 UTC] new advisory (014) for ep122026 detected
[Mon Aug 31 02:37:05 2026 UTC] new best track for ep122026 detected
[Mon Aug 31 02:37:05 2026 UTC] new RSS (index.xml) detected
