[Tue Sep  1 08:38:35 2026 UTC] new advisory (001) for ep132026 detected
[Tue Sep  1 09:01:07 2026 UTC] new best track for ep132026 detected
[Tue Sep  1 09:01:07 2026 UTC] new RSS (index.xml) detected
[Tue Sep  1 14:43:20 2026 UTC] new advisory (002) for ep132026 detected
[Tue Sep  1 14:43:20 2026 UTC] new best track for ep132026 detected
[Tue Sep  1 14:43:20 2026 UTC] new RSS (index.xml) detected
[Tue Sep  1 20:33:13 2026 UTC] new advisory (003) for ep132026 detected
[Tue Sep  1 20:33:14 2026 UTC] new best track for ep132026 detected
[Tue Sep  1 20:33:14 2026 UTC] new RSS (index.xml) detected
[Wed Sep  2 03:06:36 2026 UTC] new advisory (004) for ep132026 detected
[Wed Sep  2 03:06:36 2026 UTC] new best track for ep132026 detected
[Wed Sep  2 03:06:36 2026 UTC] new RSS (index.xml) detected
[Wed Sep  2 08:52:27 2026 UTC] new advisory (005) for ep132026 detected
[Wed Sep  2 08:52:27 2026 UTC] new best track for ep132026 detected
[Wed Sep  2 08:52:27 2026 UTC] new RSS (index.xml) detected
[Wed Sep  2 15:20:52 2026 UTC] new advisory (006) for ep132026 detected
[Wed Sep  2 15:20:52 2026 UTC] new best track for ep132026 detected
[Wed Sep  2 15:20:52 2026 UTC] new RSS (index.xml) detected
[Wed Sep  2 20:43:14 2026 UTC] new advisory (007) for ep132026 detected
[Wed Sep  2 20:43:15 2026 UTC] new best track for ep132026 detected
[Wed Sep  2 20:43:15 2026 UTC] new RSS (index.xml) detected
[Thu Sep  3 02:49:12 2026 UTC] new advisory (008) for ep132026 detected
[Thu Sep  3 02:49:13 2026 UTC] new best track for ep132026 detected
[Thu Sep  3 02:49:13 2026 UTC] new RSS (index.xml) detected
[Thu Sep  3 08:57:12 2026 UTC] new advisory (009) for ep132026 detected
[Thu Sep  3 08:57:12 2026 UTC] new best track for ep132026 detected
[Thu Sep  3 08:57:12 2026 UTC] new RSS (index.xml) detected
[Thu Sep  3 14:48:57 2026 UTC] new advisory (010) for ep132026 detected
[Thu Sep  3 14:48:57 2026 UTC] new best track for ep132026 detected
[Thu Sep  3 14:48:57 2026 UTC] new RSS (index.xml) detected
[Thu Sep  3 20:45:43 2026 UTC] new advisory (011) for ep132026 detected
[Thu Sep  3 20:45:43 2026 UTC] new best track for ep132026 detected
[Thu Sep  3 20:45:43 2026 UTC] new RSS (index.xml) detected
[Fri Sep  4 03:00:09 2026 UTC] new advisory (012) for ep132026 detected
[Fri Sep  4 03:00:09 2026 UTC] new best track for ep132026 detected
[Fri Sep  4 03:00:10 2026 UTC] new RSS (index.xml) detected
[Fri Sep  4 08:57:58 2026 UTC] new advisory (013) for ep132026 detected
[Fri Sep  4 08:57:58 2026 UTC] new best track for ep132026 detected
[Fri Sep  4 08:57:58 2026 UTC] new RSS (index.xml) detected
[Fri Sep  4 14:44:21 2026 UTC] new advisory (014) for ep132026 detected
[Fri Sep  4 14:44:21 2026 UTC] new best track for ep132026 detected
[Fri Sep  4 14:44:21 2026 UTC] new RSS (index.xml) detected
[Fri Sep  4 20:36:05 2026 UTC] new advisory (015) for ep132026 detected
[Fri Sep  4 20:36:05 2026 UTC] new best track for ep132026 detected
[Fri Sep  4 20:36:05 2026 UTC] new RSS (index.xml) detected
[Sat Sep  5 02:32:55 2026 UTC] new advisory (016) for ep132026 detected
[Sat Sep  5 02:32:56 2026 UTC] new best track for ep132026 detected
[Sat Sep  5 02:32:56 2026 UTC] new RSS (index.xml) detected
[Sat Sep  5 08:45:21 2026 UTC] new advisory (017) for ep132026 detected
[Sat Sep  5 08:45:21 2026 UTC] new best track for ep132026 detected
[Sat Sep  5 08:45:21 2026 UTC] new RSS (index.xml) detected
[Sat Sep  5 14:45:46 2026 UTC] new advisory (018) for ep132026 detected
[Sat Sep  5 14:45:46 2026 UTC] new best track for ep132026 detected
[Sat Sep  5 14:45:46 2026 UTC] new RSS (index.xml) detected
[Sat Sep  5 20:43:00 2026 UTC] new advisory (019) for ep132026 detected
[Sat Sep  5 20:43:01 2026 UTC] new best track for ep132026 detected
[Sat Sep  5 20:43:01 2026 UTC] new RSS (index.xml) detected
[Sun Sep  6 02:35:06 2026 UTC] new advisory (020) for ep132026 detected
[Sun Sep  6 02:35:07 2026 UTC] new best track for ep132026 detected
[Sun Sep  6 02:35:07 2026 UTC] new RSS (index.xml) detected
[Sun Sep  6 08:50:32 2026 UTC] new advisory (021) for ep132026 detected
[Sun Sep  6 08:50:32 2026 UTC] new best track for ep132026 detected
[Sun Sep  6 08:50:32 2026 UTC] new RSS (index.xml) detected
[Sun Sep  6 14:53:02 2026 UTC] new advisory (022) for ep132026 detected
[Sun Sep  6 14:53:02 2026 UTC] new best track for ep132026 detected
[Sun Sep  6 14:53:02 2026 UTC] new RSS (index.xml) detected
[Sun Sep  6 20:36:25 2026 UTC] new advisory (023) for ep132026 detected
[Sun Sep  6 20:36:25 2026 UTC] new best track for ep132026 detected
[Sun Sep  6 20:36:25 2026 UTC] new RSS (index.xml) detected
[Mon Sep  7 02:45:01 2026 UTC] new advisory (024) for ep132026 detected
[Mon Sep  7 02:45:02 2026 UTC] new best track for ep132026 detected
[Mon Sep  7 02:45:02 2026 UTC] new RSS (index.xml) detected
[Mon Sep  7 08:48:32 2026 UTC] new advisory (025) for ep132026 detected
[Mon Sep  7 08:48:32 2026 UTC] new best track for ep132026 detected
[Mon Sep  7 08:48:32 2026 UTC] new RSS (index.xml) detected
[Mon Sep  7 14:34:08 2026 UTC] new advisory (026) for ep132026 detected
[Mon Sep  7 14:34:08 2026 UTC] new best track for ep132026 detected
[Mon Sep  7 14:34:08 2026 UTC] new RSS (index.xml) detected
[Mon Sep  7 20:35:05 2026 UTC] new advisory (027) for ep132026 detected
[Mon Sep  7 20:35:06 2026 UTC] new best track for ep132026 detected
[Mon Sep  7 20:35:06 2026 UTC] new RSS (index.xml) detected
[Tue Sep  8 02:35:45 2026 UTC] new advisory (028) for ep132026 detected
[Tue Sep  8 02:35:45 2026 UTC] new best track for ep132026 detected
[Tue Sep  8 02:35:45 2026 UTC] new RSS (index.xml) detected
[Tue Sep  8 08:52:58 2026 UTC] new advisory (029) for ep132026 detected
[Tue Sep  8 08:52:58 2026 UTC] new best track for ep132026 detected
[Tue Sep  8 08:52:58 2026 UTC] new RSS (index.xml) detected
[Tue Sep  8 14:38:28 2026 UTC] new advisory (030) for ep132026 detected
[Tue Sep  8 14:38:28 2026 UTC] new best track for ep132026 detected
[Tue Sep  8 14:38:28 2026 UTC] new RSS (index.xml) detected
