[Wed Oct  7 14:59:30 2026 UTC] new advisory (001) for ep202026 detected
[Wed Oct  7 15:00:32 2026 UTC] new best track for ep202026 detected
[Wed Oct  7 15:00:32 2026 UTC] new RSS (index.xml) detected
[Wed Oct  7 20:40:59 2026 UTC] new advisory (002) for ep202026 detected
[Wed Oct  7 20:40:59 2026 UTC] new best track for ep202026 detected
[Wed Oct  7 20:40:59 2026 UTC] new RSS (index.xml) detected
[Thu Oct  8 02:36:32 2026 UTC] new advisory (003) for ep202026 detected
[Thu Oct  8 02:36:32 2026 UTC] new best track for ep202026 detected
[Thu Oct  8 02:36:32 2026 UTC] new RSS (index.xml) detected
[Thu Oct  8 08:56:38 2026 UTC] new advisory (004) for ep202026 detected
[Thu Oct  8 08:56:39 2026 UTC] new best track for ep202026 detected
[Thu Oct  8 08:56:39 2026 UTC] new RSS (index.xml) detected
[Thu Oct  8 11:37:16 2026 UTC] new advisory (004a) for ep202026 detected
[Thu Oct  8 11:37:16 2026 UTC] new best track for ep202026 detected
[Thu Oct  8 11:37:16 2026 UTC] new RSS (index.xml) detected
[Thu Oct  8 14:37:22 2026 UTC] new advisory (005) for ep202026 detected
[Thu Oct  8 14:37:23 2026 UTC] new best track for ep202026 detected
[Thu Oct  8 14:37:23 2026 UTC] new RSS (index.xml) detected
[Thu Oct  8 17:37:17 2026 UTC] new advisory (005a) for ep202026 detected
[Thu Oct  8 17:37:17 2026 UTC] new best track for ep202026 detected
[Thu Oct  8 17:37:17 2026 UTC] new RSS (index.xml) detected
[Thu Oct  8 20:35:06 2026 UTC] new advisory (006) for ep202026 detected
[Thu Oct  8 20:35:06 2026 UTC] new best track for ep202026 detected
[Thu Oct  8 20:35:06 2026 UTC] new RSS (index.xml) detected
[Thu Oct  8 23:35:02 2026 UTC] new advisory (006a) for ep202026 detected
[Thu Oct  8 23:35:02 2026 UTC] new best track for ep202026 detected
[Thu Oct  8 23:35:02 2026 UTC] new RSS (index.xml) detected
[Fri Oct  9 02:41:28 2026 UTC] new advisory (007) for ep202026 detected
[Fri Oct  9 02:41:28 2026 UTC] new best track for ep202026 detected
[Fri Oct  9 02:41:28 2026 UTC] new RSS (index.xml) detected
[Fri Oct  9 05:54:43 2026 UTC] new advisory (007a) for ep202026 detected
[Fri Oct  9 05:54:44 2026 UTC] new best track for ep202026 detected
[Fri Oct  9 05:54:44 2026 UTC] new RSS (index.xml) detected
