[Sun Sep 13 20:37:11 2026 UTC] new advisory (001) for ep152026 detected
[Sun Sep 13 20:37:11 2026 UTC] new best track for ep152026 detected
[Sun Sep 13 20:37:11 2026 UTC] new RSS (index.xml) detected
[Mon Sep 14 02:37:23 2026 UTC] new advisory (002) for ep152026 detected
[Mon Sep 14 02:37:23 2026 UTC] new best track for ep152026 detected
[Mon Sep 14 02:37:23 2026 UTC] new RSS (index.xml) detected
[Mon Sep 14 08:39:46 2026 UTC] new advisory (003) for ep152026 detected
[Mon Sep 14 08:39:46 2026 UTC] new best track for ep152026 detected
[Mon Sep 14 08:39:46 2026 UTC] new RSS (index.xml) detected
[Mon Sep 14 14:36:39 2026 UTC] new advisory (004) for ep152026 detected
[Mon Sep 14 14:36:39 2026 UTC] new best track for ep152026 detected
[Mon Sep 14 14:36:39 2026 UTC] new RSS (index.xml) detected
[Mon Sep 14 20:36:10 2026 UTC] new advisory (005) for ep152026 detected
[Mon Sep 14 20:36:10 2026 UTC] new best track for ep152026 detected
[Mon Sep 14 20:36:10 2026 UTC] new RSS (index.xml) detected
[Tue Sep 15 02:34:53 2026 UTC] new advisory (006) for ep152026 detected
[Tue Sep 15 02:34:53 2026 UTC] new best track for ep152026 detected
[Tue Sep 15 02:34:53 2026 UTC] new RSS (index.xml) detected
[Tue Sep 15 08:41:05 2026 UTC] new advisory (007) for ep152026 detected
[Tue Sep 15 08:41:05 2026 UTC] new best track for ep152026 detected
[Tue Sep 15 08:41:05 2026 UTC] new RSS (index.xml) detected
[Tue Sep 15 14:48:11 2026 UTC] new advisory (008) for ep152026 detected
[Tue Sep 15 14:48:11 2026 UTC] new best track for ep152026 detected
[Tue Sep 15 14:48:11 2026 UTC] new RSS (index.xml) detected
[Tue Sep 15 20:40:40 2026 UTC] new advisory (009) for ep152026 detected
[Tue Sep 15 20:40:40 2026 UTC] new best track for ep152026 detected
[Tue Sep 15 20:40:40 2026 UTC] new RSS (index.xml) detected
[Wed Sep 16 02:33:17 2026 UTC] new advisory (010) for ep152026 detected
[Wed Sep 16 02:33:17 2026 UTC] new best track for ep152026 detected
[Wed Sep 16 02:33:17 2026 UTC] new RSS (index.xml) detected
[Wed Sep 23 08:53:39 2026 UTC] new advisory (011) for ep152026 detected
[Wed Sep 23 08:53:39 2026 UTC] new best track for ep152026 detected
[Wed Sep 23 08:53:39 2026 UTC] new RSS (index.xml) detected
[Wed Sep 23 14:52:07 2026 UTC] new advisory (012) for ep152026 detected
[Wed Sep 23 14:52:07 2026 UTC] new best track for ep152026 detected
[Wed Sep 23 14:52:07 2026 UTC] new RSS (index.xml) detected
[Wed Sep 23 20:56:39 2026 UTC] new advisory (013) for ep152026 detected
[Wed Sep 23 20:56:39 2026 UTC] new best track for ep152026 detected
[Wed Sep 23 20:56:39 2026 UTC] new RSS (index.xml) detected
[Wed Sep 23 23:44:57 2026 UTC] new advisory (013a) for ep152026 detected
[Wed Sep 23 23:44:57 2026 UTC] new best track for ep152026 detected
[Wed Sep 23 23:44:57 2026 UTC] new RSS (index.xml) detected
[Thu Sep 24 02:51:56 2026 UTC] new advisory (014) for ep152026 detected
[Thu Sep 24 02:51:56 2026 UTC] new best track for ep152026 detected
[Thu Sep 24 02:51:56 2026 UTC] new RSS (index.xml) detected
[Thu Sep 24 05:46:23 2026 UTC] new advisory (014a) for ep152026 detected
[Thu Sep 24 05:46:23 2026 UTC] new best track for ep152026 detected
[Thu Sep 24 05:46:23 2026 UTC] new RSS (index.xml) detected
[Thu Sep 24 08:43:53 2026 UTC] new advisory (015) for ep152026 detected
[Thu Sep 24 08:43:53 2026 UTC] new best track for ep152026 detected
[Thu Sep 24 08:43:54 2026 UTC] new RSS (index.xml) detected
[Thu Sep 24 11:50:46 2026 UTC] new advisory (015a) for ep152026 detected
[Thu Sep 24 11:50:46 2026 UTC] new best track for ep152026 detected
[Thu Sep 24 11:50:46 2026 UTC] new RSS (index.xml) detected
[Thu Sep 24 14:50:27 2026 UTC] new advisory (016) for ep152026 detected
[Thu Sep 24 14:50:27 2026 UTC] new best track for ep152026 detected
[Thu Sep 24 14:50:27 2026 UTC] new RSS (index.xml) detected
[Thu Sep 24 19:46:29 2026 UTC] new advisory (016a) for ep152026 detected
[Thu Sep 24 19:46:29 2026 UTC] new best track for ep152026 detected
[Thu Sep 24 19:46:29 2026 UTC] new RSS (index.xml) detected
[Thu Sep 24 20:56:35 2026 UTC] new advisory (017) for ep152026 detected
[Thu Sep 24 20:56:35 2026 UTC] new best track for ep152026 detected
[Thu Sep 24 20:56:35 2026 UTC] new RSS (index.xml) detected
[Thu Sep 24 23:54:26 2026 UTC] new advisory (017a) for ep152026 detected
[Thu Sep 24 23:54:26 2026 UTC] new best track for ep152026 detected
[Thu Sep 24 23:54:26 2026 UTC] new RSS (index.xml) detected
[Fri Sep 25 02:53:20 2026 UTC] new advisory (018) for ep152026 detected
[Fri Sep 25 02:53:20 2026 UTC] new best track for ep152026 detected
[Fri Sep 25 02:53:20 2026 UTC] new RSS (index.xml) detected
[Fri Sep 25 05:51:00 2026 UTC] new advisory (018a) for ep152026 detected
[Fri Sep 25 05:51:00 2026 UTC] new best track for ep152026 detected
[Fri Sep 25 05:51:00 2026 UTC] new RSS (index.xml) detected
[Fri Sep 25 08:53:46 2026 UTC] new advisory (019) for ep152026 detected
[Fri Sep 25 08:53:46 2026 UTC] new best track for ep152026 detected
[Fri Sep 25 08:53:46 2026 UTC] new RSS (index.xml) detected
[Fri Sep 25 11:56:39 2026 UTC] new advisory (019a) for ep152026 detected
[Fri Sep 25 11:56:39 2026 UTC] new best track for ep152026 detected
[Fri Sep 25 11:56:39 2026 UTC] new RSS (index.xml) detected
[Fri Sep 25 14:56:19 2026 UTC] new advisory (020) for ep152026 detected
[Fri Sep 25 14:56:19 2026 UTC] new best track for ep152026 detected
[Fri Sep 25 14:56:19 2026 UTC] new RSS (index.xml) detected
[Fri Sep 25 18:02:19 2026 UTC] new advisory (020a) for ep152026 detected
[Fri Sep 25 18:02:19 2026 UTC] new best track for ep152026 detected
[Fri Sep 25 18:02:19 2026 UTC] new RSS (index.xml) detected
[Fri Sep 25 20:56:58 2026 UTC] new advisory (021) for ep152026 detected
[Fri Sep 25 20:56:58 2026 UTC] new best track for ep152026 detected
[Fri Sep 25 20:56:58 2026 UTC] new RSS (index.xml) detected
[Fri Sep 25 23:38:05 2026 UTC] new advisory (021a) for ep152026 detected
[Fri Sep 25 23:38:06 2026 UTC] new best track for ep152026 detected
[Fri Sep 25 23:38:06 2026 UTC] new RSS (index.xml) detected
[Sat Sep 26 02:48:15 2026 UTC] new advisory (022) for ep152026 detected
[Sat Sep 26 02:48:15 2026 UTC] new best track for ep152026 detected
[Sat Sep 26 02:48:15 2026 UTC] new RSS (index.xml) detected
[Sat Sep 26 05:54:59 2026 UTC] new advisory (022a) for ep152026 detected
[Sat Sep 26 05:54:59 2026 UTC] new best track for ep152026 detected
[Sat Sep 26 05:54:59 2026 UTC] new RSS (index.xml) detected
[Sat Sep 26 08:52:34 2026 UTC] new advisory (023) for ep152026 detected
[Sat Sep 26 08:52:34 2026 UTC] new best track for ep152026 detected
[Sat Sep 26 08:52:34 2026 UTC] new RSS (index.xml) detected
[Sat Sep 26 11:49:13 2026 UTC] new advisory (023a) for ep152026 detected
[Sat Sep 26 11:49:13 2026 UTC] new best track for ep152026 detected
[Sat Sep 26 11:49:13 2026 UTC] new RSS (index.xml) detected
[Sat Sep 26 14:59:48 2026 UTC] new advisory (024) for ep152026 detected
[Sat Sep 26 14:59:49 2026 UTC] new best track for ep152026 detected
[Sat Sep 26 14:59:49 2026 UTC] new RSS (index.xml) detected
[Sat Sep 26 17:57:52 2026 UTC] new advisory (024a) for ep152026 detected
[Sat Sep 26 17:57:53 2026 UTC] new best track for ep152026 detected
[Sat Sep 26 17:57:53 2026 UTC] new RSS (index.xml) detected
[Sat Sep 26 20:52:42 2026 UTC] new advisory (025) for ep152026 detected
[Sat Sep 26 20:52:42 2026 UTC] new best track for ep152026 detected
[Sat Sep 26 20:52:42 2026 UTC] new RSS (index.xml) detected
[Sat Sep 26 23:50:45 2026 UTC] new advisory (025a) for ep152026 detected
[Sat Sep 26 23:50:46 2026 UTC] new best track for ep152026 detected
[Sat Sep 26 23:50:46 2026 UTC] new RSS (index.xml) detected
[Sun Sep 27 02:56:11 2026 UTC] new advisory (026) for ep152026 detected
[Sun Sep 27 02:56:11 2026 UTC] new best track for ep152026 detected
[Sun Sep 27 02:56:11 2026 UTC] new RSS (index.xml) detected
[Sun Sep 27 08:48:30 2026 UTC] new advisory (027) for ep152026 detected
[Sun Sep 27 08:48:30 2026 UTC] new best track for ep152026 detected
[Sun Sep 27 08:48:31 2026 UTC] new RSS (index.xml) detected
[Sun Sep 27 14:59:05 2026 UTC] new advisory (028) for ep152026 detected
[Sun Sep 27 14:59:05 2026 UTC] new best track for ep152026 detected
[Sun Sep 27 14:59:05 2026 UTC] new RSS (index.xml) detected
[Sun Sep 27 20:35:09 2026 UTC] new advisory (029) for ep152026 detected
[Sun Sep 27 20:35:10 2026 UTC] new best track for ep152026 detected
[Sun Sep 27 20:35:10 2026 UTC] new RSS (index.xml) detected
[Sun Sep 27 23:50:47 2026 UTC] new advisory (029a) for ep152026 detected
[Sun Sep 27 23:50:47 2026 UTC] new best track for ep152026 detected
[Sun Sep 27 23:50:47 2026 UTC] new RSS (index.xml) detected
[Mon Sep 28 02:33:15 2026 UTC] new advisory (030) for ep152026 detected
[Mon Sep 28 02:33:15 2026 UTC] new best track for ep152026 detected
[Mon Sep 28 02:33:15 2026 UTC] new RSS (index.xml) detected
[Mon Sep 28 05:49:22 2026 UTC] new advisory (030a) for ep152026 detected
[Mon Sep 28 05:49:22 2026 UTC] new best track for ep152026 detected
[Mon Sep 28 05:49:22 2026 UTC] new RSS (index.xml) detected
[Mon Sep 28 08:49:43 2026 UTC] new advisory (031) for ep152026 detected
[Mon Sep 28 08:49:44 2026 UTC] new best track for ep152026 detected
[Mon Sep 28 08:49:44 2026 UTC] new RSS (index.xml) detected
[Mon Sep 28 11:46:12 2026 UTC] new advisory (031a) for ep152026 detected
[Mon Sep 28 11:46:12 2026 UTC] new best track for ep152026 detected
[Mon Sep 28 11:46:12 2026 UTC] new RSS (index.xml) detected
[Mon Sep 28 14:56:17 2026 UTC] new advisory (032) for ep152026 detected
[Mon Sep 28 14:56:17 2026 UTC] new best track for ep152026 detected
[Mon Sep 28 14:56:17 2026 UTC] new RSS (index.xml) detected
[Mon Sep 28 17:49:01 2026 UTC] new advisory (032a) for ep152026 detected
[Mon Sep 28 17:49:01 2026 UTC] new best track for ep152026 detected
[Mon Sep 28 17:49:01 2026 UTC] new RSS (index.xml) detected
[Mon Sep 28 20:51:03 2026 UTC] new advisory (033) for ep152026 detected
[Mon Sep 28 20:51:03 2026 UTC] new best track for ep152026 detected
[Mon Sep 28 20:51:03 2026 UTC] new RSS (index.xml) detected
[Mon Sep 28 23:51:18 2026 UTC] new advisory (033a) for ep152026 detected
[Mon Sep 28 23:51:19 2026 UTC] new best track for ep152026 detected
[Mon Sep 28 23:51:19 2026 UTC] new RSS (index.xml) detected
[Tue Sep 29 02:47:18 2026 UTC] new advisory (034) for ep152026 detected
[Tue Sep 29 02:47:18 2026 UTC] new best track for ep152026 detected
[Tue Sep 29 02:47:19 2026 UTC] new RSS (index.xml) detected
[Tue Sep 29 05:45:11 2026 UTC] new advisory (034a) for ep152026 detected
[Tue Sep 29 05:45:11 2026 UTC] new best track for ep152026 detected
[Tue Sep 29 05:45:11 2026 UTC] new RSS (index.xml) detected
[Tue Sep 29 08:51:21 2026 UTC] new advisory (035) for ep152026 detected
[Tue Sep 29 08:51:21 2026 UTC] new best track for ep152026 detected
[Tue Sep 29 08:51:21 2026 UTC] new RSS (index.xml) detected
[Tue Sep 29 11:47:24 2026 UTC] new advisory (035a) for ep152026 detected
[Tue Sep 29 11:47:24 2026 UTC] new best track for ep152026 detected
[Tue Sep 29 11:47:24 2026 UTC] new RSS (index.xml) detected
[Tue Sep 29 14:50:02 2026 UTC] new advisory (036) for ep152026 detected
[Tue Sep 29 14:50:02 2026 UTC] new best track for ep152026 detected
[Tue Sep 29 14:50:03 2026 UTC] new RSS (index.xml) detected
[Tue Sep 29 17:51:01 2026 UTC] new advisory (036a) for ep152026 detected
[Tue Sep 29 17:51:01 2026 UTC] new best track for ep152026 detected
[Tue Sep 29 17:51:01 2026 UTC] new RSS (index.xml) detected
[Tue Sep 29 20:38:31 2026 UTC] new advisory (037) for ep152026 detected
[Tue Sep 29 20:38:31 2026 UTC] new best track for ep152026 detected
[Tue Sep 29 20:38:31 2026 UTC] new RSS (index.xml) detected
[Tue Sep 29 23:39:21 2026 UTC] new advisory (037a) for ep152026 detected
[Tue Sep 29 23:39:21 2026 UTC] new best track for ep152026 detected
[Tue Sep 29 23:39:21 2026 UTC] new RSS (index.xml) detected
[Wed Sep 30 02:35:13 2026 UTC] new advisory (038) for ep152026 detected
[Wed Sep 30 02:35:14 2026 UTC] new best track for ep152026 detected
[Wed Sep 30 02:35:14 2026 UTC] new RSS (index.xml) detected
[Wed Sep 30 05:50:10 2026 UTC] new advisory (038a) for ep152026 detected
[Wed Sep 30 05:50:10 2026 UTC] new best track for ep152026 detected
[Wed Sep 30 05:50:10 2026 UTC] new RSS (index.xml) detected
[Wed Sep 30 08:38:23 2026 UTC] new advisory (039) for ep152026 detected
[Wed Sep 30 08:38:23 2026 UTC] new best track for ep152026 detected
[Wed Sep 30 08:38:23 2026 UTC] new RSS (index.xml) detected
