[Sun Sep 27 08:56:56 2026 UTC] new advisory (001) for ep182026 detected
[Sun Sep 27 09:01:08 2026 UTC] new best track for ep182026 detected
[Sun Sep 27 09:01:08 2026 UTC] new RSS (index.xml) detected
[Sun Sep 27 14:46:57 2026 UTC] new advisory (002) for ep182026 detected
[Sun Sep 27 14:46:57 2026 UTC] new best track for ep182026 detected
[Sun Sep 27 14:46:57 2026 UTC] new RSS (index.xml) detected
[Sun Sep 27 20:37:14 2026 UTC] new advisory (003) for ep182026 detected
[Sun Sep 27 20:37:14 2026 UTC] new best track for ep182026 detected
[Sun Sep 27 20:37:14 2026 UTC] new RSS (index.xml) detected
[Mon Sep 28 02:47:39 2026 UTC] new advisory (004) for ep182026 detected
[Mon Sep 28 02:47:39 2026 UTC] new best track for ep182026 detected
[Mon Sep 28 02:47:39 2026 UTC] new RSS (index.xml) detected
[Mon Sep 28 05:49:22 2026 UTC] new advisory (004a) for ep182026 detected
[Mon Sep 28 05:49:22 2026 UTC] new best track for ep182026 detected
[Mon Sep 28 05:49:22 2026 UTC] new RSS (index.xml) detected
[Mon Sep 28 08:43:33 2026 UTC] new advisory (005) for ep182026 detected
[Mon Sep 28 08:43:33 2026 UTC] new best track for ep182026 detected
[Mon Sep 28 08:43:33 2026 UTC] new RSS (index.xml) detected
[Mon Sep 28 11:27:37 2026 UTC] new advisory (005a) for ep182026 detected
[Mon Sep 28 11:27:37 2026 UTC] new best track for ep182026 detected
[Mon Sep 28 11:27:37 2026 UTC] new RSS (index.xml) detected
[Mon Sep 28 14:41:35 2026 UTC] new advisory (006) for ep182026 detected
[Mon Sep 28 14:41:35 2026 UTC] new best track for ep182026 detected
[Mon Sep 28 14:41:35 2026 UTC] new RSS (index.xml) detected
[Mon Sep 28 17:36:26 2026 UTC] new advisory (006a) for ep182026 detected
[Mon Sep 28 17:36:27 2026 UTC] new best track for ep182026 detected
[Mon Sep 28 17:36:27 2026 UTC] new RSS (index.xml) detected
[Mon Sep 28 20:40:41 2026 UTC] new advisory (007) for ep182026 detected
[Mon Sep 28 20:40:41 2026 UTC] new best track for ep182026 detected
[Mon Sep 28 20:40:41 2026 UTC] new RSS (index.xml) detected
[Mon Sep 28 23:49:14 2026 UTC] new advisory (007a) for ep182026 detected
[Mon Sep 28 23:49:14 2026 UTC] new best track for ep182026 detected
[Mon Sep 28 23:49:14 2026 UTC] new RSS (index.xml) detected
[Tue Sep 29 02:50:23 2026 UTC] new advisory (008) for ep182026 detected
[Tue Sep 29 02:50:24 2026 UTC] new best track for ep182026 detected
[Tue Sep 29 02:50:24 2026 UTC] new RSS (index.xml) detected
[Tue Sep 29 05:55:28 2026 UTC] new advisory (008a) for ep182026 detected
[Tue Sep 29 05:55:28 2026 UTC] new best track for ep182026 detected
[Tue Sep 29 05:55:28 2026 UTC] new RSS (index.xml) detected
