[Wed Sep  9 20:34:11 2026 UTC] new advisory (001) for ep142026 detected
[Wed Sep  9 21:00:43 2026 UTC] new best track for ep142026 detected
[Wed Sep  9 21:00:43 2026 UTC] new RSS (index.xml) detected
[Thu Sep 10 02:34:50 2026 UTC] new advisory (002) for ep142026 detected
[Thu Sep 10 02:34:51 2026 UTC] new best track for ep142026 detected
[Thu Sep 10 02:34:51 2026 UTC] new RSS (index.xml) detected
[Thu Sep 10 08:44:42 2026 UTC] new advisory (003) for ep142026 detected
[Thu Sep 10 08:44:42 2026 UTC] new best track for ep142026 detected
[Thu Sep 10 08:44:42 2026 UTC] new RSS (index.xml) detected
[Thu Sep 10 14:41:23 2026 UTC] new advisory (004) for ep142026 detected
[Thu Sep 10 14:41:23 2026 UTC] new best track for ep142026 detected
[Thu Sep 10 14:41:23 2026 UTC] new RSS (index.xml) detected
[Thu Sep 10 20:49:47 2026 UTC] new advisory (005) for ep142026 detected
[Thu Sep 10 20:49:47 2026 UTC] new best track for ep142026 detected
[Thu Sep 10 20:49:47 2026 UTC] new RSS (index.xml) detected
[Fri Sep 11 02:40:34 2026 UTC] new advisory (006) for ep142026 detected
[Fri Sep 11 02:40:34 2026 UTC] new best track for ep142026 detected
[Fri Sep 11 02:40:34 2026 UTC] new RSS (index.xml) detected
[Fri Sep 11 08:45:23 2026 UTC] new advisory (007) for ep142026 detected
[Fri Sep 11 08:45:23 2026 UTC] new best track for ep142026 detected
[Fri Sep 11 08:45:23 2026 UTC] new RSS (index.xml) detected
[Fri Sep 11 14:45:42 2026 UTC] new advisory (008) for ep142026 detected
[Fri Sep 11 14:45:42 2026 UTC] new best track for ep142026 detected
[Fri Sep 11 14:45:42 2026 UTC] new RSS (index.xml) detected
[Fri Sep 11 20:35:50 2026 UTC] new advisory (009) for ep142026 detected
[Fri Sep 11 20:35:50 2026 UTC] new best track for ep142026 detected
[Fri Sep 11 20:35:50 2026 UTC] new RSS (index.xml) detected
[Sat Sep 12 02:51:04 2026 UTC] new advisory (010) for ep142026 detected
[Sat Sep 12 02:51:04 2026 UTC] new best track for ep142026 detected
[Sat Sep 12 02:51:04 2026 UTC] new RSS (index.xml) detected
[Sat Sep 12 08:51:51 2026 UTC] new advisory (011) for ep142026 detected
[Sat Sep 12 08:51:51 2026 UTC] new best track for ep142026 detected
[Sat Sep 12 08:51:51 2026 UTC] new RSS (index.xml) detected
[Sat Sep 12 14:35:29 2026 UTC] new advisory (012) for ep142026 detected
[Sat Sep 12 14:35:29 2026 UTC] new best track for ep142026 detected
[Sat Sep 12 14:35:29 2026 UTC] new RSS (index.xml) detected
[Sat Sep 12 21:00:11 2026 UTC] new advisory (013) for ep142026 detected
[Sat Sep 12 21:00:11 2026 UTC] new best track for ep142026 detected
[Sat Sep 12 21:00:11 2026 UTC] new RSS (index.xml) detected
