[Mon Aug 31 15:21:22 2026 UTC] new advisory (001) for al052026 detected
[Mon Aug 31 15:21:23 2026 UTC] new best track for al052026 detected
[Mon Aug 31 15:21:23 2026 UTC] new RSS (index.xml) detected
[Mon Aug 31 18:09:14 2026 UTC] new advisory (001a) for al052026 detected
[Mon Aug 31 18:09:15 2026 UTC] new best track for al052026 detected
[Mon Aug 31 18:09:15 2026 UTC] new RSS (index.xml) detected
[Mon Aug 31 20:54:59 2026 UTC] new advisory (002) for al052026 detected
[Mon Aug 31 20:55:00 2026 UTC] new best track for al052026 detected
[Mon Aug 31 20:55:00 2026 UTC] new RSS (index.xml) detected
[Mon Aug 31 23:50:49 2026 UTC] new advisory (002a) for al052026 detected
[Mon Aug 31 23:50:49 2026 UTC] new best track for al052026 detected
[Mon Aug 31 23:50:49 2026 UTC] new RSS (index.xml) detected
[Tue Sep  1 02:55:07 2026 UTC] new advisory (003) for al052026 detected
[Tue Sep  1 02:55:07 2026 UTC] new best track for al052026 detected
[Tue Sep  1 02:55:07 2026 UTC] new RSS (index.xml) detected
[Tue Sep  1 05:36:39 2026 UTC] new advisory (003a) for al052026 detected
[Tue Sep  1 05:36:39 2026 UTC] new best track for al052026 detected
[Tue Sep  1 05:36:39 2026 UTC] new RSS (index.xml) detected
[Tue Sep  1 08:46:46 2026 UTC] new advisory (004) for al052026 detected
[Tue Sep  1 08:46:46 2026 UTC] new best track for al052026 detected
[Tue Sep  1 08:46:46 2026 UTC] new RSS (index.xml) detected
[Tue Sep  1 11:51:09 2026 UTC] new advisory (004a) for al052026 detected
[Tue Sep  1 11:51:09 2026 UTC] new best track for al052026 detected
[Tue Sep  1 11:51:09 2026 UTC] new RSS (index.xml) detected
