[Sat Sep 19 14:51:33 2026 UTC] new advisory (001) for al062026 detected
[Sat Sep 19 15:00:48 2026 UTC] new best track for al062026 detected
[Sat Sep 19 15:00:48 2026 UTC] new RSS (index.xml) detected
[Sat Sep 19 20:36:45 2026 UTC] new advisory (002) for al062026 detected
[Sat Sep 19 20:36:45 2026 UTC] new best track for al062026 detected
[Sat Sep 19 20:36:45 2026 UTC] new RSS (index.xml) detected
[Sun Sep 20 02:38:45 2026 UTC] new advisory (003) for al062026 detected
[Sun Sep 20 02:38:45 2026 UTC] new best track for al062026 detected
[Sun Sep 20 02:38:45 2026 UTC] new RSS (index.xml) detected
[Sun Sep 20 08:43:06 2026 UTC] new advisory (004) for al062026 detected
[Sun Sep 20 08:43:06 2026 UTC] new best track for al062026 detected
[Sun Sep 20 08:43:06 2026 UTC] new RSS (index.xml) detected
[Sun Sep 20 14:56:56 2026 UTC] new advisory (005) for al062026 detected
[Sun Sep 20 14:56:56 2026 UTC] new best track for al062026 detected
[Sun Sep 20 14:56:56 2026 UTC] new RSS (index.xml) detected
[Sun Sep 20 20:36:53 2026 UTC] new advisory (006) for al062026 detected
[Sun Sep 20 20:36:54 2026 UTC] new best track for al062026 detected
[Sun Sep 20 20:36:54 2026 UTC] new RSS (index.xml) detected
[Mon Sep 21 02:41:29 2026 UTC] new advisory (007) for al062026 detected
[Mon Sep 21 02:41:29 2026 UTC] new best track for al062026 detected
[Mon Sep 21 02:41:29 2026 UTC] new RSS (index.xml) detected
[Mon Sep 21 08:40:28 2026 UTC] new advisory (008) for al062026 detected
[Mon Sep 21 08:40:28 2026 UTC] new best track for al062026 detected
[Mon Sep 21 08:40:28 2026 UTC] new RSS (index.xml) detected
[Mon Sep 21 14:53:45 2026 UTC] new advisory (009) for al062026 detected
[Mon Sep 21 14:53:45 2026 UTC] new best track for al062026 detected
[Mon Sep 21 14:53:46 2026 UTC] new RSS (index.xml) detected
[Mon Sep 21 20:37:57 2026 UTC] new advisory (010) for al062026 detected
[Mon Sep 21 20:37:57 2026 UTC] new best track for al062026 detected
[Mon Sep 21 20:37:57 2026 UTC] new RSS (index.xml) detected
[Tue Sep 22 02:36:48 2026 UTC] new advisory (011) for al062026 detected
[Tue Sep 22 02:36:48 2026 UTC] new best track for al062026 detected
[Tue Sep 22 02:36:48 2026 UTC] new RSS (index.xml) detected
[Tue Sep 22 08:43:44 2026 UTC] new advisory (012) for al062026 detected
[Tue Sep 22 08:43:44 2026 UTC] new best track for al062026 detected
[Tue Sep 22 08:43:44 2026 UTC] new RSS (index.xml) detected
[Tue Sep 22 14:50:04 2026 UTC] new advisory (013) for al062026 detected
[Tue Sep 22 14:50:04 2026 UTC] new best track for al062026 detected
[Tue Sep 22 14:50:05 2026 UTC] new RSS (index.xml) detected
[Tue Sep 22 20:40:25 2026 UTC] new advisory (014) for al062026 detected
[Tue Sep 22 20:40:25 2026 UTC] new best track for al062026 detected
[Tue Sep 22 20:40:25 2026 UTC] new RSS (index.xml) detected
[Wed Sep 23 20:37:07 2026 UTC] new advisory (015) for al062026 detected
[Wed Sep 23 20:37:07 2026 UTC] new best track for al062026 detected
[Wed Sep 23 20:37:07 2026 UTC] new RSS (index.xml) detected
[Thu Sep 24 02:35:31 2026 UTC] new advisory (016) for al062026 detected
[Thu Sep 24 02:35:31 2026 UTC] new best track for al062026 detected
[Thu Sep 24 02:35:31 2026 UTC] new RSS (index.xml) detected
[Thu Sep 24 08:37:44 2026 UTC] new advisory (017) for al062026 detected
[Thu Sep 24 08:37:44 2026 UTC] new best track for al062026 detected
[Thu Sep 24 08:37:44 2026 UTC] new RSS (index.xml) detected
[Thu Sep 24 14:40:40 2026 UTC] new advisory (018) for al062026 detected
[Thu Sep 24 14:40:40 2026 UTC] new best track for al062026 detected
[Thu Sep 24 14:40:40 2026 UTC] new RSS (index.xml) detected
